<html>
<body>
<pre>
<h1>µVision Build Log</h1>
<h2>Tool Versions:</h2>
IDE-Version: µVision V5.34.0.0
Copyright (C) 2021 ARM Ltd and ARM Germany GmbH. All rights reserved.
License Information: Patrick Leclerc, PolyMtl, LIC=----
 
Tool Versions:
Toolchain:       MDK-Lite  Version: 5.34.0.0
Toolchain Path:  C:\Keil_v5\ARM\ARMCLANG\Bin
C Compiler:      ArmClang.exe V6.16
Assembler:       Armasm.exe V6.16
Linker/Locator:  ArmLink.exe V6.16
Library Manager: ArmAr.exe V6.16
Hex Converter:   FromElf.exe V6.16
CPU DLL:         SARMCM3.DLL V5.34.0.0
Dialog DLL:      DCM.DLL V1.17.3.0
Target DLL:      STLink\ST-LINKIII-KEIL_SWO.dll V3.0.8.0
Dialog DLL:      TCM.DLL V1.48.0.0
 
<h2>Project:</h2>
C:\Users\pa-tr\Desktop\STM32F303k8tx_basicDrivers\STM32F303k8tx_basicDrivers.uvprojx
Project File Date:  01/13/2022

<h2>Output:</h2>
*** Using Compiler 'V6.16', folder: 'C:\Keil_v5\ARM\ARMCLANG\Bin'
Build target 'STM32f303k8tx'
compiling main.c...
linking...
Program Size: Code=1112 RO-data=408 RW-data=0 ZI-data=1632  
FromELF: creating hex file...
".\Objects\STM32F303k8tx_basicDrivers.axf" - 0 Error(s), 0 Warning(s).

<h2>Software Packages used:</h2>

Package Vendor: ARM
                http://www.keil.com/pack/ARM.CMSIS.5.8.0.pack
                ARM.CMSIS.5.8.0
                CMSIS (Common Microcontroller Software Interface Standard)
   * Component: CORE Version: 5.5.0

Package Vendor: Keil
                http://www.keil.com/pack/Keil.STM32F3xx_DFP.2.1.0.pack
                Keil.STM32F3xx_DFP.2.1.0
                STMicroelectronics STM32F3 Series Device Support and Examples
   * Component: Startup Version: 1.0.0

<h2>Collection of Component include folders:</h2>
  .\RTE\_STM32f303k8tx
  C:\Users\pa-tr\AppData\Local\Arm\Packs\ARM\CMSIS\5.8.0\CMSIS\Core\Include
  C:\Users\pa-tr\AppData\Local\Arm\Packs\Keil\STM32F3xx_DFP\2.1.0\Drivers\CMSIS\Device\ST\STM32F3xx\Include

<h2>Collection of Component Files used:</h2>

   * Component: ARM::CMSIS:CORE:5.5.0

   * Component: Keil.Standalone::Device:Startup:1.0.0
      Source file:   MDK\Device\Source\ARM\STM32F3xx_OPT.s
      Source file:   Drivers\CMSIS\Device\ST\STM32F3xx\Source\Templates\arm\startup_stm32f303x8.s
      Include file:  Drivers\CMSIS\Device\ST\STM32F3xx\Include\stm32f3xx.h
      Source file:   Drivers\CMSIS\Device\ST\STM32F3xx\Source\Templates\system_stm32f3xx.c
Build Time Elapsed:  00:00:01
</pre>
</body>
</html>
